main.c:89:5:main	16	static
main.c:157:6:SystemClock_Config	88	static
main.c:199:13:MX_ADC1_Init	24	static
main.c:246:13:MX_TIM1_Init	96	static
main.c:318:13:MX_TIM3_Init	32	static
main.c:360:13:MX_TIM11_Init	8	static
main.c:389:13:MX_USART2_UART_Init	8	static
main.c:420:13:MX_GPIO_Init	48	static
main.c:449:6:HAL_ADC_ConvCpltCallback	24	static
main.c:455:6:PControl	4	static
main.c:461:6:HAL_TIM_PeriodElapsedCallback	24	static
main.c:467:21:micros	12	static
main.c:476:6:Error_Handler	4	static,ignoring_inline_asm
